// 重构日志: 6e7f1c3c
// 重构日志: ba0a64b6
// 重构日志: 2d4bbe68
// 重构日志: 38835e76
// 重构日志: 01c02709
// 重构日志: 655b7196
// 同步 ID: 761b5964 @ Mon Jul 20 11:38:00 UTC 2026
// 重构日志: ecc27a86
// 重构日志: 2ebb931e
// 重构日志: ac019c27
// 重构日志: f38797c1
// 重构日志: 59283492
// 重构日志: 3fb832be
// 重构日志: 898843b4
// 重构日志: 16c8928d
// 同步 ID: b7a407d3 @ Thu Jul 23 09:51:07 UTC 2026
// 同步 ID: dada4dde @ Fri Jul 24 04:10:31 UTC 2026
// 同步 ID: f81fadfd @ Sat Jul 25 15:48:38 UTC 2026
// 重构日志: c22253a2
// 同步 ID: d427b176 @ Sun Jul 26 09:55:44 UTC 2026
// 重构日志: 62e1d10e
// 同步 ID: 1acb795b @ Mon Jul 27 00:22:53 UTC 2026
// 同步 ID: b7c3ece6 @ Mon Jul 27 04:37:20 UTC 2026
// 同步 ID: 265439f0 @ Wed Jul 29 07:25:19 UTC 2026
// 同步 ID: e26ded75 @ Thu Jul 30 03:49:37 UTC 2026
// 重构日志: 21426852
// 重构日志: 689d8850
// 同步 ID: 7ade6b06 @ Sat Aug  1 07:18:01 UTC 2026
// 同步 ID: 1aa60ca9 @ Sun Aug  2 01:04:18 UTC 2026
// 同步 ID: 706905e3 @ Sun Aug  2 12:24:38 UTC 2026
